[SLURM-INFO] ..................................................
[SLURM-INFO] Job Name:    dim32GB
[SLURM-INFO] Master ID:   1658110
[SLURM-INFO] Task ID:     10
[SLURM-INFO] Node:        genoa002.hpc.rd.areasciencepark.it
[SLURM-INFO] Started at:  Thu Sep 17 19:50:01 CEST 2026
[SLURM-INFO] ..................................................
[SLURM-INFO] ..................................................
[SLURM-INFO] ..................................................
[SLURM-INFO] ..................................................
[SLURM-INFO] ..................................................
[SLURM-INFO] ..................................................
[SLURM-INFO] ..................................................
[SLURM-INFO] ..................................................
[SLURM-INFO] ..................................................
[SLURM-INFO] ..................................................
[SLURM-INFO] ..................................................
[SLURM-INFO] Job Name:    dim32GB
[SLURM-INFO] Job Name:    dim32GB
[SLURM-INFO] Job Name:    dim32GB
[SLURM-INFO] Job Name:    dim32GB
[SLURM-INFO] Job Name:    dim32GB
[SLURM-INFO] Job Name:    dim32GB
[SLURM-INFO] Job Name:    dim32GB
[SLURM-INFO] Job Name:    dim32GB
[SLURM-INFO] Job Name:    dim32GB
[SLURM-INFO] Job Name:    dim32GB
[SLURM-INFO] Master ID:   1658110
[SLURM-INFO] Master ID:   1658110
[SLURM-INFO] Master ID:   1658110
[SLURM-INFO] Master ID:   1658110
[SLURM-INFO] Master ID:   1658110
[SLURM-INFO] Master ID:   1658110
[SLURM-INFO] Master ID:   1658110
[SLURM-INFO] Master ID:   1658110
[SLURM-INFO] Master ID:   1658110
[SLURM-INFO] Master ID:   1658110
[SLURM-INFO] Task ID:     7
[SLURM-INFO] Task ID:     8
[SLURM-INFO] Task ID:     2
[SLURM-INFO] Task ID:     0
[SLURM-INFO] Task ID:     1
[SLURM-INFO] Task ID:     6
[SLURM-INFO] Task ID:     4
[SLURM-INFO] Task ID:     5
[SLURM-INFO] Task ID:     3
[SLURM-INFO] Task ID:     9
[SLURM-INFO] Node:        genoa001.hpc.rd.areasciencepark.it
[SLURM-INFO] Node:        genoa001.hpc.rd.areasciencepark.it
[SLURM-INFO] Node:        genoa001.hpc.rd.areasciencepark.it
[SLURM-INFO] Node:        genoa001.hpc.rd.areasciencepark.it
[SLURM-INFO] Node:        genoa001.hpc.rd.areasciencepark.it
[SLURM-INFO] Node:        genoa001.hpc.rd.areasciencepark.it
[SLURM-INFO] Node:        genoa001.hpc.rd.areasciencepark.it
[SLURM-INFO] Node:        genoa001.hpc.rd.areasciencepark.it
[SLURM-INFO] Node:        genoa001.hpc.rd.areasciencepark.it
[SLURM-INFO] Node:        genoa001.hpc.rd.areasciencepark.it
[SLURM-INFO] Started at:  Thu Sep 17 19:50:01 CEST 2026
[SLURM-INFO] Started at:  Thu Sep 17 19:50:01 CEST 2026
[SLURM-INFO] Started at:  Thu Sep 17 19:50:01 CEST 2026
[SLURM-INFO] Started at:  Thu Sep 17 19:50:01 CEST 2026
[SLURM-INFO] Started at:  Thu Sep 17 19:50:01 CEST 2026
[SLURM-INFO] Started at:  Thu Sep 17 19:50:01 CEST 2026
[SLURM-INFO] Started at:  Thu Sep 17 19:50:01 CEST 2026
[SLURM-INFO] Started at:  Thu Sep 17 19:50:01 CEST 2026
[SLURM-INFO] Started at:  Thu Sep 17 19:50:01 CEST 2026
[SLURM-INFO] Started at:  Thu Sep 17 19:50:01 CEST 2026
onda/envs/esm_env/bin/python3
[SLURM-INFO] ..................................................
[SLURM-INFO] ..................................................
[SLURM-INFO] ..................................................
38 KiB)
[SLURM-INFO] ..................................................
[SLURM-INFO] ..................................................
[SLURM-INFO] ..................................................
29 KiB)
[SLURM-INFO] Included (<= 80MB): data/reps/halys_reps.npz (78617 KiB)
[SLURM-INFO] ..................................................
 (75161 KiB)
[SLURM-INFO] ..................................................
[SLURM-INFO] ..................................................
[SLURM-INFO] ..................................................
142 KiB)
[SLURM-INFO] SLURM_ARRAY_TASK_ID (10) exceeds total matching files (5). Exiting with success.
[SLURM-INFO] Active Python: /u/area/ssenci/scratch/miniconda/envs/esm_env/bin/python3
[SLURM-INFO] Active Python: /u/area/ssenci/scratch/miniconda/envs/esm_env/bin/python3
 ... \n
[SLURM-INFO] Active Python: /u/area/ssenci/scratch/miniconda/envs/esm_env/bin/python3
 ... \n
[SLURM-INFO] Included (<= 80MB): data/reps/aegypti_reps.npz (74638 KiB)
 ... \n
[SLURM-INFO] Included (<= 80MB): data/reps/aegypti_reps.npz (74638 KiB)
 ... \n
[SLURM-INFO] Active Python: /u/area/ssenci/scratch/miniconda/envs/esm_env/bin/python3
[SLURM-INFO] Included (<= 80MB): data/reps/aegypti_reps.npz (74638 KiB)
 ... \n
 ... \n
 ... \n
 ... \n
 ... \n
[SLURM-INFO] Included (<= 80MB): data/reps/gambiae_reps.npz (54329 KiB)
[SLURM-INFO] Included (<= 80MB): data/reps/aegypti_reps.npz (74638 KiB)
[SLURM-INFO] Active Python: /u/area/ssenci/scratch/miniconda/envs/esm_env/bin/python3
 ... \n
[SLURM-INFO] Included (<= 80MB): data/reps/gambiae_reps.npz (54329 KiB)
[SLURM-INFO] Included (<= 80MB): data/reps/halys_reps.npz (78617 KiB)
 ... \n
[SLURM-INFO] Active Python: /u/area/ssenci/scratch/miniconda/envs/esm_env/bin/python3
[SLURM-INFO] Active Python: /u/area/ssenci/scratch/miniconda/envs/esm_env/bin/python3
[SLURM-INFO] Active Python: /u/area/ssenci/scratch/miniconda/envs/esm_env/bin/python3
[SLURM-INFO] Active Python: /u/area/ssenci/scratch/miniconda/envs/esm_env/bin/python3
[SLURM-INFO] Active Python: /u/area/ssenci/scratch/miniconda/envs/esm_env/bin/python3
 ... \n
[SLURM-INFO] Included (<= 80MB): data/reps/gambiae_reps.npz (54329 KiB)
[SLURM-INFO] Included (<= 80MB): data/reps/halys_reps.npz (78617 KiB)
[SLURM-INFO] Included (<= 80MB): data/reps/melanogaster_reps.npz (75161 KiB)
 ... \n
 ... \n
 ... \n
 ... \n
 ... \n
 ... \n
[SLURM-INFO] Included (<= 80MB): data/reps/aegypti_reps.npz (74638 KiB)
[SLURM-INFO] Included (<= 80MB): data/reps/halys_reps.npz (78617 KiB)
[SLURM-INFO] Included (<= 80MB): data/reps/melanogaster_reps.npz (75161 KiB)
 ... \n
[SLURM-INFO] Included (<= 80MB): data/reps/gambiae_reps.npz (54329 KiB)
[SLURM-INFO] Included (<= 80MB): data/reps/aegypti_reps.npz (74638 KiB)
[SLURM-INFO] Included (<= 80MB): data/reps/aegypti_reps.npz (74638 KiB)
[SLURM-INFO] Included (<= 80MB): data/reps/aegypti_reps.npz (74638 KiB)
[SLURM-INFO] Included (<= 80MB): data/reps/aegypti_reps.npz (74638 KiB)
[SLURM-INFO] Included (<= 80MB): data/reps/aegypti_reps.npz (74638 KiB)
 ... \n
[SLURM-INFO] Included (<= 80MB): data/reps/melanogaster_reps.npz (75161 KiB)
 ... \n
 ... \n
[SLURM-INFO] Included (<= 80MB): data/reps/halys_reps.npz (78617 KiB)
 ... \n
 ... \n
 ... \n
 ... \n
 ... \n
 ... \n
 ... \n
 ... \n
[SLURM-INFO] Included (<= 80MB): data/reps/viridula_reps.npz (74142 KiB)
[SLURM-INFO] Included (<= 80MB): data/reps/melanogaster_reps.npz (75161 KiB)
 ... \n
 ... \n
 ... \n
 ... \n
 ... \n
[SLURM-INFO] Included (<= 80MB): data/reps/gambiae_reps.npz (54329 KiB)
 ... \n
[SLURM-INFO] Included (<= 80MB): data/reps/viridula_reps.npz (74142 KiB)
[SLURM-INFO] SLURM_ARRAY_TASK_ID (7) exceeds total matching files (5). Exiting with success.
 ... \n
[SLURM-INFO] Included (<= 80MB): data/reps/gambiae_reps.npz (54329 KiB)
[SLURM-INFO] Included (<= 80MB): data/reps/gambiae_reps.npz (54329 KiB)
[SLURM-INFO] Included (<= 80MB): data/reps/gambiae_reps.npz (54329 KiB)
[SLURM-INFO] Included (<= 80MB): data/reps/gambiae_reps.npz (54329 KiB)
[SLURM-INFO] Included (<= 80MB): data/reps/gambiae_reps.npz (54329 KiB)
[SLURM-INFO] Included (<= 80MB): data/reps/halys_reps.npz (78617 KiB)
[SLURM-INFO] Included (<= 80MB): data/reps/viridula_reps.npz (74142 KiB)
[SLURM-INFO] SLURM_ARRAY_TASK_ID (8) exceeds total matching files (5). Exiting with success.
 ... \n
[SLURM-INFO] Included (<= 80MB): data/reps/halys_reps.npz (78617 KiB)
[SLURM-INFO] Included (<= 80MB): data/reps/halys_reps.npz (78617 KiB)
[SLURM-INFO] Included (<= 80MB): data/reps/halys_reps.npz (78617 KiB)
[SLURM-INFO] Included (<= 80MB): data/reps/halys_reps.npz (78617 KiB)
[SLURM-INFO] Included (<= 80MB): data/reps/halys_reps.npz (78617 KiB)
[SLURM-INFO] Included (<= 80MB): data/reps/melanogaster_reps.npz (75161 KiB)
[SLURM-INFO] Processing input: data/reps/halys_reps.npz
[SLURM-INFO] Included (<= 80MB): data/reps/viridula_reps.npz (74142 KiB)
[SLURM-INFO] Included (<= 80MB): data/reps/melanogaster_reps.npz (75161 KiB)
[SLURM-INFO] Included (<= 80MB): data/reps/melanogaster_reps.npz (75161 KiB)
[SLURM-INFO] Included (<= 80MB): data/reps/melanogaster_reps.npz (75161 KiB)
[SLURM-INFO] Included (<= 80MB): data/reps/melanogaster_reps.npz (75161 KiB)
[SLURM-INFO] Included (<= 80MB): data/reps/melanogaster_reps.npz (75161 KiB)
 ... \n
[SLURM-INFO] Target base: halys
[SLURM-INFO] Processing input: data/reps/gambiae_reps.npz
 ... \n
 ... \n
 ... \n
 ... \n
 ... \n
[SLURM-INFO] Starting t-SNE for halys...
 ... \n
[SLURM-INFO] Target base: gambiae
 ... \n
 ... \n
 ... \n
 ... \n
 ... \n
[SLURM-INFO] Included (<= 80MB): data/reps/viridula_reps.npz (74142 KiB)
[SLURM-INFO] Starting t-SNE for gambiae...
[SLURM-INFO] Included (<= 80MB): data/reps/viridula_reps.npz (74142 KiB)
[SLURM-INFO] Included (<= 80MB): data/reps/viridula_reps.npz (74142 KiB)
[SLURM-INFO] Included (<= 80MB): data/reps/viridula_reps.npz (74142 KiB)
[SLURM-INFO] Included (<= 80MB): data/reps/viridula_reps.npz (74142 KiB)
[SLURM-INFO] Included (<= 80MB): data/reps/viridula_reps.npz (74142 KiB)
[SLURM-INFO] Processing input: data/reps/aegypti_reps.npz
[SLURM-INFO] SLURM_ARRAY_TASK_ID (9) exceeds total matching files (5). Exiting with success.
[SLURM-INFO] Processing input: data/reps/melanogaster_reps.npz
[SLURM-INFO] Target base: melanogaster
[SLURM-INFO] SLURM_ARRAY_TASK_ID (5) exceeds total matching files (5). Exiting with success.
[SLURM-INFO] Processing input: data/reps/viridula_reps.npz
[SLURM-INFO] SLURM_ARRAY_TASK_ID (6) exceeds total matching files (5). Exiting with success.
[SLURM-INFO] Target base: aegypti
[SLURM-INFO] Starting t-SNE for melanogaster...
[SLURM-INFO] Target base: viridula
[SLURM-INFO] Starting t-SNE for aegypti...
[SLURM-INFO] Starting t-SNE for viridula...
2026-09-17 19:50:04,432 [PYTHON-INFO] loading data/reps/halys_reps.npz
2026-09-17 19:50:04,440 [PYTHON-INFO] loading data/reps/melanogaster_reps.npz
2026-09-17 19:50:04,452 [PYTHON-INFO] loading data/reps/viridula_reps.npz
2026-09-17 19:50:04,453 [PYTHON-INFO] loading data/reps/aegypti_reps.npz
2026-09-17 19:50:04,453 [PYTHON-INFO] loading data/reps/gambiae_reps.npz
2026-09-17 19:50:04,915 [PYTHON-INFO] shape (20663, 960) dtype float32
2026-09-17 19:50:04,940 [PYTHON-INFO] tsne to 2 components
2026-09-17 19:50:05,014 [PYTHON-INFO] shape (19567, 960) dtype float32
2026-09-17 19:50:05,024 [PYTHON-INFO] tsne to 2 components
2026-09-17 19:50:05,105 [PYTHON-INFO] shape (19698, 960) dtype float32
2026-09-17 19:50:05,118 [PYTHON-INFO] tsne to 2 components
2026-09-17 19:50:05,181 [PYTHON-INFO] shape (19836, 960) dtype float32
2026-09-17 19:50:05,191 [PYTHON-INFO] shape (14338, 960) dtype float32
2026-09-17 19:50:05,226 [PYTHON-INFO] tsne to 2 components
2026-09-17 19:50:05,258 [PYTHON-INFO] tsne to 2 components
[SLURM-INFO] ..................................................
[SLURM-INFO] ..................................................
[SLURM-INFO] ..................................................
[SLURM-INFO] ..................................................
[SLURM-INFO] Job Name:    dim64GB
[SLURM-INFO] ..................................................
[SLURM-INFO] Job Name:    dim64GB
[SLURM-INFO] Job Name:    dim64GB
[SLURM-INFO] Master ID:   1658121
[SLURM-INFO] ..................................................
[SLURM-INFO] Master ID:   1658121
.............................
[SLURM-INFO] ..................................................
[SLURM-INFO] Node:        epyc002.hpc.rd.areasciencepark.it
[SLURM-INFO] ..................................................
[SLURM-INFO] ..................................................
[SLURM-INFO] Job Name:    dim64GB
[SLURM-INFO] ..................................................
[SLURM-INFO] Job Name:    dim64GB
hpc.rd.areasciencepark.it
[SLURM-INFO] Job Name:    dim64GB
hpc.rd.areasciencepark.it
[SLURM-INFO] Started at:  Thu Sep 17 19:50:08 CEST 2026
.it
[SLURM-INFO] Job Name:    dim64GB
17 19:50:08 CEST 2026
[SLURM-INFO] Job Name:    dim64GB
17 19:50:08 CEST 2026
[SLURM-INFO] Master ID:   1658121
17 19:50:08 CEST 2026
[SLURM-INFO] Job Name:    dim64GB
17 19:50:08 CEST 2026
[SLURM-INFO] Master ID:   1658121
.............................
[SLURM-INFO] Master ID:   1658121
.............................
[SLURM-INFO] ..................................................
[SLURM-INFO] ..................................................
[SLURM-INFO] Master ID:   1658121
[SLURM-INFO] Master ID:   1658121
[SLURM-INFO] Task ID:     1
[SLURM-INFO] Master ID:   1658121
[SLURM-INFO] Task ID:     4
[SLURM-INFO] Task ID:     3
[SLURM-INFO] Task ID:     6
[SLURM-INFO] Task ID:     5
[SLURM-INFO] Node:        epyc002.hpc.rd.areasciencepark.it
[SLURM-INFO] Task ID:     0
[SLURM-INFO] Node:        epyc002.hpc.rd.areasciencepark.it
[SLURM-INFO] Node:        epyc002.hpc.rd.areasciencepark.it
[SLURM-INFO] Node:        epyc002.hpc.rd.areasciencepark.it
[SLURM-INFO] Node:        epyc002.hpc.rd.areasciencepark.it
[SLURM-INFO] Started at:  Thu Sep 17 19:50:08 CEST 2026
[SLURM-INFO] Node:        epyc002.hpc.rd.areasciencepark.it
[SLURM-INFO] Started at:  Thu Sep 17 19:50:08 CEST 2026
[SLURM-INFO] Started at:  Thu Sep 17 19:50:08 CEST 2026
[SLURM-INFO] Started at:  Thu Sep 17 19:50:08 CEST 2026
[SLURM-INFO] Started at:  Thu Sep 17 19:50:08 CEST 2026
[SLURM-INFO] ..................................................
[SLURM-INFO] Started at:  Thu Sep 17 19:50:08 CEST 2026
[SLURM-INFO] ..................................................
[SLURM-INFO] ..................................................
[SLURM-INFO] ..................................................
[SLURM-INFO] ..................................................
[SLURM-INFO] ..................................................
[SLURM-INFO] Active Python: /u/area/ssenci/scratch/miniconda/envs/esm_env/bin/python3
[SLURM-INFO] Included: data/reps/aedes_reps.npz (157439 KiB) > 80MB
 ... \n
[SLURM-INFO] Included: data/reps/albopictus_reps.npz (96592 KiB) > 80MB
[SLURM-INFO] Included: data/reps/drosophila_reps.npz (149829 KiB) > 80MB
 ... \n
 ... \n
 ... \n
[SLURM-INFO] Included: data/reps/stinkbug_reps.npz (140150 KiB) > 80MB
[SLURM-INFO] Included: data/reps/suzukii_reps.npz (87801 KiB) > 80MB
 ... \n
[SLURM-INFO] SLURM_ARRAY_TASK_ID (7) exceeds total matching files (5). Exiting with success.
[SLURM-INFO] Active Python: /u/area/ssenci/scratch/miniconda/envs/esm_env/bin/python3
[SLURM-INFO] Included: data/reps/aedes_reps.npz (157439 KiB) > 80MB
[SLURM-INFO] Active Python: /u/area/ssenci/scratch/miniconda/envs/esm_env/bin/python3
[SLURM-INFO] Active Python: /u/area/ssenci/scratch/miniconda/envs/esm_env/bin/python3
 ... \n
[SLURM-INFO] Included: data/reps/aedes_reps.npz (157439 KiB) > 80MB
[SLURM-INFO] Included: data/reps/aedes_reps.npz (157439 KiB) > 80MB
[SLURM-INFO] Included: data/reps/albopictus_reps.npz (96592 KiB) > 80MB
 ... \n
 ... \n
[SLURM-INFO] Included: data/reps/drosophila_reps.npz (149829 KiB) > 80MB
[SLURM-INFO] Included: data/reps/albopictus_reps.npz (96592 KiB) > 80MB
[SLURM-INFO] Included: data/reps/albopictus_reps.npz (96592 KiB) > 80MB
 ... \n
[SLURM-INFO] Included: data/reps/drosophila_reps.npz (149829 KiB) > 80MB
[SLURM-INFO] Included: data/reps/drosophila_reps.npz (149829 KiB) > 80MB
 ... \n
 ... \n
 ... \n
 ... \n
 ... \n
 ... \n
[SLURM-INFO] Included: data/reps/stinkbug_reps.npz (140150 KiB) > 80MB
 ... \n
 ... \n
[SLURM-INFO] Included: data/reps/suzukii_reps.npz (87801 KiB) > 80MB
[SLURM-INFO] Included: data/reps/stinkbug_reps.npz (140150 KiB) > 80MB
[SLURM-INFO] Included: data/reps/stinkbug_reps.npz (140150 KiB) > 80MB
 ... \n
[SLURM-INFO] Included: data/reps/suzukii_reps.npz (87801 KiB) > 80MB
[SLURM-INFO] Included: data/reps/suzukii_reps.npz (87801 KiB) > 80MB
[SLURM-INFO] SLURM_ARRAY_TASK_ID (8) exceeds total matching files (5). Exiting with success.
 ... \n
 ... \n
[SLURM-INFO] SLURM_ARRAY_TASK_ID (9) exceeds total matching files (5). Exiting with success.
[SLURM-INFO] SLURM_ARRAY_TASK_ID (10) exceeds total matching files (5). Exiting with success.
[SLURM-INFO] Active Python: /u/area/ssenci/scratch/miniconda/envs/esm_env/bin/python3
[SLURM-INFO] Active Python: /u/area/ssenci/scratch/miniconda/envs/esm_env/bin/python3
[SLURM-INFO] Active Python: /u/area/ssenci/scratch/miniconda/envs/esm_env/bin/python3
[SLURM-INFO] Active Python: /u/area/ssenci/scratch/miniconda/envs/esm_env/bin/python3
[SLURM-INFO] Active Python: /u/area/ssenci/scratch/miniconda/envs/esm_env/bin/python3
[SLURM-INFO] Active Python: /u/area/ssenci/scratch/miniconda/envs/esm_env/bin/python3
[SLURM-INFO] Active Python: /u/area/ssenci/scratch/miniconda/envs/esm_env/bin/python3
[SLURM-INFO] Included: data/reps/aedes_reps.npz (157439 KiB) > 80MB
[SLURM-INFO] Included: data/reps/aedes_reps.npz (157439 KiB) > 80MB
[SLURM-INFO] Included: data/reps/aedes_reps.npz (157439 KiB) > 80MB
[SLURM-INFO] Included: data/reps/aedes_reps.npz (157439 KiB) > 80MB
[SLURM-INFO] Included: data/reps/aedes_reps.npz (157439 KiB) > 80MB
[SLURM-INFO] Included: data/reps/aedes_reps.npz (157439 KiB) > 80MB
[SLURM-INFO] Included: data/reps/aedes_reps.npz (157439 KiB) > 80MB
 ... \n
 ... \n
 ... \n
 ... \n
 ... \n
 ... \n
 ... \n
[SLURM-INFO] Included: data/reps/albopictus_reps.npz (96592 KiB) > 80MB
[SLURM-INFO] Included: data/reps/albopictus_reps.npz (96592 KiB) > 80MB
[SLURM-INFO] Included: data/reps/albopictus_reps.npz (96592 KiB) > 80MB
[SLURM-INFO] Included: data/reps/albopictus_reps.npz (96592 KiB) > 80MB
[SLURM-INFO] Included: data/reps/albopictus_reps.npz (96592 KiB) > 80MB
[SLURM-INFO] Included: data/reps/albopictus_reps.npz (96592 KiB) > 80MB
[SLURM-INFO] Included: data/reps/albopictus_reps.npz (96592 KiB) > 80MB
[SLURM-INFO] Included: data/reps/drosophila_reps.npz (149829 KiB) > 80MB
[SLURM-INFO] Included: data/reps/drosophila_reps.npz (149829 KiB) > 80MB
[SLURM-INFO] Included: data/reps/drosophila_reps.npz (149829 KiB) > 80MB
[SLURM-INFO] Included: data/reps/drosophila_reps.npz (149829 KiB) > 80MB
[SLURM-INFO] Included: data/reps/drosophila_reps.npz (149829 KiB) > 80MB
[SLURM-INFO] Included: data/reps/drosophila_reps.npz (149829 KiB) > 80MB
[SLURM-INFO] Included: data/reps/drosophila_reps.npz (149829 KiB) > 80MB
 ... \n
 ... \n
 ... \n
 ... \n
 ... \n
 ... \n
 ... \n
 ... \n
 ... \n
 ... \n
 ... \n
 ... \n
 ... \n
 ... \n
 ... \n
 ... \n
 ... \n
 ... \n
 ... \n
 ... \n
 ... \n
[SLURM-INFO] Included: data/reps/stinkbug_reps.npz (140150 KiB) > 80MB
[SLURM-INFO] Included: data/reps/stinkbug_reps.npz (140150 KiB) > 80MB
[SLURM-INFO] Included: data/reps/stinkbug_reps.npz (140150 KiB) > 80MB
[SLURM-INFO] Included: data/reps/stinkbug_reps.npz (140150 KiB) > 80MB
[SLURM-INFO] Included: data/reps/stinkbug_reps.npz (140150 KiB) > 80MB
[SLURM-INFO] Included: data/reps/stinkbug_reps.npz (140150 KiB) > 80MB
[SLURM-INFO] Included: data/reps/stinkbug_reps.npz (140150 KiB) > 80MB
[SLURM-INFO] Included: data/reps/suzukii_reps.npz (87801 KiB) > 80MB
[SLURM-INFO] Included: data/reps/suzukii_reps.npz (87801 KiB) > 80MB
[SLURM-INFO] Included: data/reps/suzukii_reps.npz (87801 KiB) > 80MB
[SLURM-INFO] Included: data/reps/suzukii_reps.npz (87801 KiB) > 80MB
[SLURM-INFO] Included: data/reps/suzukii_reps.npz (87801 KiB) > 80MB
[SLURM-INFO] Included: data/reps/suzukii_reps.npz (87801 KiB) > 80MB
[SLURM-INFO] Included: data/reps/suzukii_reps.npz (87801 KiB) > 80MB
 ... \n
 ... \n
 ... \n
 ... \n
 ... \n
 ... \n
 ... \n
[SLURM-INFO] SLURM_ARRAY_TASK_ID (5) exceeds total matching files (5). Exiting with success.
[SLURM-INFO] SLURM_ARRAY_TASK_ID (6) exceeds total matching files (5). Exiting with success.
[SLURM-INFO] Processing input: data/reps/stinkbug_reps.npz
[SLURM-INFO] Processing input: data/reps/drosophila_reps.npz
[SLURM-INFO] Processing input: data/reps/albopictus_reps.npz
[SLURM-INFO] Processing input: data/reps/suzukii_reps.npz
[SLURM-INFO] Processing input: data/reps/aedes_reps.npz
[SLURM-INFO] Target base: stinkbug
[SLURM-INFO] Target base: drosophila
[SLURM-INFO] Target base: albopictus
[SLURM-INFO] Target base: suzukii
[SLURM-INFO] Target base: aedes
[SLURM-INFO] Starting t-SNE for stinkbug...
[SLURM-INFO] Starting t-SNE for drosophila...
[SLURM-INFO] Starting t-SNE for albopictus...
[SLURM-INFO] Starting t-SNE for suzukii...
[SLURM-INFO] Starting t-SNE for aedes...
2026-09-17 19:51:17,319 [PYTHON-INFO] loading data/reps/aedes_reps.npz
2026-09-17 19:51:17,319 [PYTHON-INFO] loading data/reps/albopictus_reps.npz
2026-09-17 19:51:17,319 [PYTHON-INFO] loading data/reps/drosophila_reps.npz
2026-09-17 19:51:17,319 [PYTHON-INFO] loading data/reps/suzukii_reps.npz
2026-09-17 19:51:17,319 [PYTHON-INFO] loading data/reps/stinkbug_reps.npz
2026-09-17 19:51:18,135 [PYTHON-INFO] shape (23172, 960) dtype float32
2026-09-17 19:51:18,135 [PYTHON-INFO] tsne to 2 components
2026-09-17 19:51:18,245 [PYTHON-INFO] shape (25492, 960) dtype float32
2026-09-17 19:51:18,245 [PYTHON-INFO] tsne to 2 components
2026-09-17 19:51:20,381 [PYTHON-INFO] shape (40230, 960) dtype float32
2026-09-17 19:51:20,381 [PYTHON-INFO] tsne to 2 components
2026-09-17 19:51:20,431 [PYTHON-INFO] shape (43008, 960) dtype float32
2026-09-17 19:51:20,431 [PYTHON-INFO] tsne to 2 components
2026-09-17 19:51:20,645 [PYTHON-INFO] shape (45190, 960) dtype float32
2026-09-17 19:51:20,645 [PYTHON-INFO] tsne to 2 components
2026-09-17 19:51:28,635 [PYTHON-INFO] saved data/dim_red/gambiae_tsne.npz
[SLURM-INFO] Starting UMAP for gambiae...
2026-09-17 19:51:57,555 [PYTHON-INFO] loading data/reps/gambiae_reps.npz
2026-09-17 19:51:57,686 [PYTHON-INFO] shape (14338, 960) dtype float32
2026-09-17 19:51:57,691 [PYTHON-INFO] method=umap n_components=2 n_neighbors=15
/u/area/ssenci/scratch/miniconda/envs/esm_env/lib/python3.12/site-packages/umap/umap_.py:1952: UserWarning: n_jobs value 1 overridden to 1 by setting random_state. Use no seed for parallelism.
  warn(
2026-09-17 19:52:01,289 [PYTHON-INFO] saved data/dim_red/aegypti_tsne.npz
[SLURM-INFO] Starting UMAP for aegypti...
2026-09-17 19:52:05,262 [PYTHON-INFO] saved data/dim_red/melanogaster_tsne.npz
[SLURM-INFO] Starting UMAP for melanogaster...
2026-09-17 19:52:06,853 [PYTHON-INFO] loading data/reps/aegypti_reps.npz
2026-09-17 19:52:06,990 [PYTHON-INFO] shape (19698, 960) dtype float32
2026-09-17 19:52:06,995 [PYTHON-INFO] method=umap n_components=2 n_neighbors=15
/u/area/ssenci/scratch/miniconda/envs/esm_env/lib/python3.12/site-packages/umap/umap_.py:1952: UserWarning: n_jobs value 1 overridden to 1 by setting random_state. Use no seed for parallelism.
  warn(
2026-09-17 19:52:08,333 [PYTHON-INFO] saved data/dim_red/viridula_tsne.npz
[SLURM-INFO] Starting UMAP for viridula...
2026-09-17 19:52:09,222 [PYTHON-INFO] saved data/dim_red/halys_tsne.npz
[SLURM-INFO] Starting UMAP for halys...
2026-09-17 19:52:10,791 [PYTHON-INFO] loading data/reps/melanogaster_reps.npz
2026-09-17 19:52:10,919 [PYTHON-INFO] shape (19836, 960) dtype float32
2026-09-17 19:52:11,201 [PYTHON-INFO] method=umap n_components=2 n_neighbors=15
/u/area/ssenci/scratch/miniconda/envs/esm_env/lib/python3.12/site-packages/umap/umap_.py:1952: UserWarning: n_jobs value 1 overridden to 1 by setting random_state. Use no seed for parallelism.
  warn(
2026-09-17 19:52:13,787 [PYTHON-INFO] loading data/reps/viridula_reps.npz
2026-09-17 19:52:13,918 [PYTHON-INFO] shape (19567, 960) dtype float32
2026-09-17 19:52:13,924 [PYTHON-INFO] method=umap n_components=2 n_neighbors=15
/u/area/ssenci/scratch/miniconda/envs/esm_env/lib/python3.12/site-packages/umap/umap_.py:1952: UserWarning: n_jobs value 1 overridden to 1 by setting random_state. Use no seed for parallelism.
  warn(
2026-09-17 19:52:14,787 [PYTHON-INFO] loading data/reps/halys_reps.npz
2026-09-17 19:52:14,930 [PYTHON-INFO] shape (20663, 960) dtype float32
2026-09-17 19:52:14,956 [PYTHON-INFO] method=umap n_components=2 n_neighbors=15
/u/area/ssenci/scratch/miniconda/envs/esm_env/lib/python3.12/site-packages/umap/umap_.py:1952: UserWarning: n_jobs value 1 overridden to 1 by setting random_state. Use no seed for parallelism.
  warn(
2026-09-17 19:52:31,086 [PYTHON-INFO] trustworthiness: 0.9665
2026-09-17 19:52:31,118 [PYTHON-INFO] saved data/dim_red/gambiae_umap.npz
[SLURM-INFO] ..................................................
[SLURM-INFO] Finished dimensionality reduction for gambiae on Thu Sep 17 19:52:31 CEST 2026
[SLURM-INFO] ..................................................
2026-09-17 19:52:51,084 [PYTHON-INFO] trustworthiness: 0.9735
2026-09-17 19:52:51,122 [PYTHON-INFO] saved data/dim_red/aegypti_umap.npz
[SLURM-INFO] ..................................................
[SLURM-INFO] Finished dimensionality reduction for aegypti on Thu Sep 17 19:52:51 CEST 2026
[SLURM-INFO] ..................................................
2026-09-17 19:52:55,279 [PYTHON-INFO] trustworthiness: 0.9685
2026-09-17 19:52:55,314 [PYTHON-INFO] saved data/dim_red/melanogaster_umap.npz
[SLURM-INFO] ..................................................
[SLURM-INFO] Finished dimensionality reduction for melanogaster on Thu Sep 17 19:52:55 CEST 2026
[SLURM-INFO] ..................................................
2026-09-17 19:52:57,162 [PYTHON-INFO] trustworthiness: 0.9708
2026-09-17 19:52:57,183 [PYTHON-INFO] saved data/dim_red/viridula_umap.npz
[SLURM-INFO] ..................................................
[SLURM-INFO] Finished dimensionality reduction for viridula on Thu Sep 17 19:52:57 CEST 2026
[SLURM-INFO] ..................................................
2026-09-17 19:53:02,031 [PYTHON-INFO] trustworthiness: 0.9730
2026-09-17 19:53:02,176 [PYTHON-INFO] saved data/dim_red/halys_umap.npz
[SLURM-INFO] ..................................................
[SLURM-INFO] Finished dimensionality reduction for halys on Thu Sep 17 19:53:02 CEST 2026
[SLURM-INFO] ..................................................
2026-09-17 19:55:38,892 [PYTHON-INFO] saved data/dim_red/suzukii_tsne.npz
[SLURM-INFO] Starting UMAP for suzukii...
2026-09-17 19:56:07,905 [PYTHON-INFO] saved data/dim_red/albopictus_tsne.npz
[SLURM-INFO] Starting UMAP for albopictus...
2026-09-17 19:56:28,281 [PYTHON-INFO] loading data/reps/albopictus_reps.npz
2026-09-17 19:56:28,281 [PYTHON-INFO] loading data/reps/suzukii_reps.npz
2026-09-17 19:56:28,566 [PYTHON-INFO] shape (25492, 960) dtype float32
2026-09-17 19:56:28,566 [PYTHON-INFO] method=umap n_components=2 n_neighbors=15
/u/area/ssenci/scratch/miniconda/envs/esm_env/lib/python3.12/site-packages/umap/umap_.py:1952: UserWarning: n_jobs value 1 overridden to 1 by setting random_state. Use no seed for parallelism.
  warn(
2026-09-17 19:56:28,966 [PYTHON-INFO] shape (23172, 960) dtype float32
2026-09-17 19:56:28,967 [PYTHON-INFO] method=umap n_components=2 n_neighbors=15
/u/area/ssenci/scratch/miniconda/envs/esm_env/lib/python3.12/site-packages/umap/umap_.py:1952: UserWarning: n_jobs value 1 overridden to 1 by setting random_state. Use no seed for parallelism.
  warn(
2026-09-17 19:57:37,728 [PYTHON-INFO] trustworthiness: 0.9735
2026-09-17 19:57:37,760 [PYTHON-INFO] saved data/dim_red/suzukii_umap.npz
[SLURM-INFO] ..................................................
[SLURM-INFO] Finished dimensionality reduction for suzukii on Thu Sep 17 19:57:38 CEST 2026
[SLURM-INFO] ..................................................
2026-09-17 19:57:46,894 [PYTHON-INFO] trustworthiness: 0.9750
2026-09-17 19:57:46,930 [PYTHON-INFO] saved data/dim_red/albopictus_umap.npz
[SLURM-INFO] ..................................................
[SLURM-INFO] Finished dimensionality reduction for albopictus on Thu Sep 17 19:57:47 CEST 2026
[SLURM-INFO] ..................................................
2026-09-17 19:59:51,801 [PYTHON-INFO] saved data/dim_red/stinkbug_tsne.npz
[SLURM-INFO] Starting UMAP for stinkbug...
2026-09-17 20:00:28,342 [PYTHON-INFO] loading data/reps/stinkbug_reps.npz
2026-09-17 20:00:31,444 [PYTHON-INFO] shape (40230, 960) dtype float32
2026-09-17 20:00:31,444 [PYTHON-INFO] method=umap n_components=2 n_neighbors=15
/u/area/ssenci/scratch/miniconda/envs/esm_env/lib/python3.12/site-packages/umap/umap_.py:1952: UserWarning: n_jobs value 1 overridden to 1 by setting random_state. Use no seed for parallelism.
  warn(
2026-09-17 20:00:50,274 [PYTHON-INFO] saved data/dim_red/drosophila_tsne.npz
[SLURM-INFO] Starting UMAP for drosophila...
2026-09-17 20:00:59,116 [PYTHON-INFO] loading data/reps/drosophila_reps.npz
2026-09-17 20:01:01,609 [PYTHON-INFO] shape (43008, 960) dtype float32
2026-09-17 20:01:01,610 [PYTHON-INFO] method=umap n_components=2 n_neighbors=15
/u/area/ssenci/scratch/miniconda/envs/esm_env/lib/python3.12/site-packages/umap/umap_.py:1952: UserWarning: n_jobs value 1 overridden to 1 by setting random_state. Use no seed for parallelism.
  warn(
2026-09-17 20:01:46,592 [PYTHON-INFO] saved data/dim_red/aedes_tsne.npz
[SLURM-INFO] Starting UMAP for aedes...
2026-09-17 20:01:57,990 [PYTHON-INFO] loading data/reps/aedes_reps.npz
2026-09-17 20:02:00,921 [PYTHON-INFO] shape (45190, 960) dtype float32
2026-09-17 20:02:00,921 [PYTHON-INFO] method=umap n_components=2 n_neighbors=15
/u/area/ssenci/scratch/miniconda/envs/esm_env/lib/python3.12/site-packages/umap/umap_.py:1952: UserWarning: n_jobs value 1 overridden to 1 by setting random_state. Use no seed for parallelism.
  warn(
2026-09-17 20:03:04,699 [PYTHON-INFO] trustworthiness: 0.9740
2026-09-17 20:03:04,841 [PYTHON-INFO] saved data/dim_red/stinkbug_umap.npz
[SLURM-INFO] ..................................................
[SLURM-INFO] Finished dimensionality reduction for stinkbug on Thu Sep 17 20:03:05 CEST 2026
[SLURM-INFO] ..................................................
2026-09-17 20:04:06,276 [PYTHON-INFO] trustworthiness: 0.9763
2026-09-17 20:04:06,340 [PYTHON-INFO] saved data/dim_red/drosophila_umap.npz
[SLURM-INFO] ..................................................
[SLURM-INFO] Finished dimensionality reduction for drosophila on Thu Sep 17 20:04:07 CEST 2026
[SLURM-INFO] ..................................................
2026-09-17 20:05:21,295 [PYTHON-INFO] trustworthiness: 0.9770
2026-09-17 20:05:21,352 [PYTHON-INFO] saved data/dim_red/aedes_umap.npz
[SLURM-INFO] ..................................................
[SLURM-INFO] Finished dimensionality reduction for aedes on Thu Sep 17 20:05:22 CEST 2026
[SLURM-INFO] ..................................................
