Job started on Thu Sep 17 15:53:23 CEST 2026
Job started on Thu Sep 17 15:53:23 CEST 2026
Job started on Thu Sep 17 15:53:23 CEST 2026
Job started on Thu Sep 17 15:53:23 CEST 2026
000030691 (D. suzukii)
[SLURM-INFO] Task 3 targeting Proteome ID: UP000286413 (Ae. albopictus)
[SLURM-INFO] Task 4 targeting Proteome ID: UP000000803 (D. melanogaster)
[SLURM-INFO] Task 8 exceeds number of entries in TSV. Exiting.
biae)
[SLURM-INFO] Task 9 exceeds number of entries in TSV. Exiting.
Job started on Thu Sep 17 15:53:23 CEST 2026
Job started on Thu Sep 17 15:53:23 CEST 2026
[SLURM-INFO] Task 7 targeting Proteome ID: UP000244225 (H. halys)
[SLURM-INFO] Task 6 targeting Proteome ID: UP000693005 (N. viridula)
[SLURM-INFO] Task 10 exceeds number of entries in TSV. Exiting.
[SLURM-INFO] Task 11 exceeds number of entries in TSV. Exiting.
[SLURM-INFO] Task 12 exceeds number of entries in TSV. Exiting.
[SLURM-INFO] Task 13 exceeds number of entries in TSV. Exiting.
[SLURM-INFO] Task 15 exceeds number of entries in TSV. Exiting.
[SLURM-INFO] Task 14 exceeds number of entries in TSV. Exiting.
[PYTHON-INFO] Date: 2026-09-17 15:53:43 | Processed Queries: 1 | Fetched Rows: 0 | Elapsed: 2.59s | Max Memory: 67.20 MB | Status: Success
[PYTHON-INFO] Date: 2026-09-17 15:53:49 | Processed Queries: 1 | Fetched Rows: 0 | Elapsed: 8.61s | Max Memory: 67.16 MB | Status: Success
[PYTHON-INFO] Date: 2026-09-17 15:53:51 | Processed Queries: 1 | Fetched Rows: 0 | Elapsed: 10.56s | Max Memory: 67.30 MB | Status: Success
[PYTHON-INFO] Date: 2026-09-17 15:53:52 | Processed Queries: 1 | Fetched Rows: 0 | Elapsed: 11.58s | Max Memory: 67.46 MB | Status: Success
[PYTHON-INFO] Date: 2026-09-17 15:53:55 | Elapsed: 11.10s | Max Memory: 67.60 MB | Status: Success
[PYTHON-INFO] Date: 2026-09-17 15:53:56 | Elapsed: 3.34s | Max Memory: 67.58 MB | Status: Success
[PYTHON-INFO] Date: 2026-09-17 15:53:58 | Processed Queries: 1 | Fetched Rows: 20643 | Elapsed: 17.18s | Max Memory: 156.18 MB | Status: Success
[PYTHON-INFO] Date: 2026-09-17 15:53:59 | Processed Queries: 1 | Fetched Rows: 4411 | Elapsed: 18.10s | Max Memory: 78.00 MB | Status: Success
[PYTHON-INFO] Date: 2026-09-17 15:53:59 | Processed Queries: 1 | Fetched Rows: 21947 | Elapsed: 18.36s | Max Memory: 157.38 MB | Status: Success
[PYTHON-INFO] Date: 2026-09-17 15:53:59 | Elapsed: 9.40s | Max Memory: 67.58 MB | Status: Success
[PYTHON-INFO] Date: 2026-09-17 15:54:06 | Elapsed: 14.19s | Max Memory: 67.69 MB | Status: Success
[PYTHON-INFO] Date: 2026-09-17 15:54:07 | Elapsed: 7.02s | Max Memory: 127.31 MB | Status: Success
/orfeo/cephfs/scratch/area/ssenci/senci_projects/ESMC-crisis/src/download_features.py:19: DtypeWarning: Columns (0: Gene Names (ordered locus), 1: Encoded in, 2: Glycosylation, 3: Sequence conflict, 4: Helix, 5: Initiator methionine, 6: Intramembrane, 7: Lipidation, 8: Modified residue, 9: Mutagenesis, 10: Peptide, 11: Propeptide, 12: Beta strand, 13: Topological domain, 14: Transit peptide, 15: Turn, 16: Alternative sequence, 17: Natural variant, 18: Activity regulation, 19: Kinetics, 20: pH dependence, 21: Temperature dependence, 22: Miscellaneous [CC], 23: Sequence caution, 24: Polymorphism, 25: Erroneous gene model prediction, 26: Interacts with, 27: Developmental stage, 28: Induction, 29: Tissue specificity, 30: Allergenic Properties, 31: Disruption phenotype, 32: PubMed ID) have mixed types. Specify dtype option on import or set low_memory=False.
  return pd.read_csv(StringIO(tsv), sep="\t")
[PYTHON-INFO] Date: 2026-09-17 15:54:13 | Elapsed: 14.10s | Max Memory: 442.09 MB | Status: Success
/orfeo/cephfs/scratch/area/ssenci/senci_projects/ESMC-crisis/src/download_features.py:19: DtypeWarning: Columns (0: Gene Names (ordered locus), 1: Encoded in, 2: Glycosylation, 3: Intramembrane, 4: Lipidation, 5: Mutagenesis, 6: Non-standard residue, 7: Propeptide, 8: Transit peptide, 9: Alternative sequence, 10: Natural variant, 11: Activity regulation, 12: Kinetics, 13: pH dependence, 14: Temperature dependence, 15: Absorption, 16: Miscellaneous [CC], 17: Polymorphism, 18: RNA Editing, 19: Erroneous gene model prediction, 20: Induction, 21: Biotechnological use, 22: Disruption phenotype, 23: Post-translational modification) have mixed types. Specify dtype option on import or set low_memory=False.
  return pd.read_csv(StringIO(tsv), sep="\t")
[PYTHON-INFO] Date: 2026-09-17 15:54:22 | Elapsed: 22.69s | Max Memory: 618.77 MB | Status: Success
[SLURM-INFO] Task 11 exceeds number of entries in TSV. Exiting.
[SLURM-INFO] Task 7 exceeds number of entries in TSV. Exiting.
[SLURM-INFO] Task 8 exceeds number of entries in TSV. Exiting.
[SLURM-INFO] Task 10 exceeds number of entries in TSV. Exiting.
[SLURM-INFO] Task 12 exceeds number of entries in TSV. Exiting.
[SLURM-INFO] Task 15 exceeds number of entries in TSV. Exiting.
[SLURM-INFO] Task 14 exceeds number of entries in TSV. Exiting.
[SLURM-INFO] Task 13 exceeds number of entries in TSV. Exiting.
Job started on Thu Sep 17 16:14:54 CEST 2026
Job started on Thu Sep 17 16:14:54 CEST 2026
Job started on Thu Sep 17 16:14:54 CEST 2026
Job started on Thu Sep 17 16:14:54 CEST 2026
Job started on Thu Sep 17 16:14:54 CEST 2026
[SLURM-INFO] Task 9 exceeds number of entries in TSV. Exiting.
[SLURM-INFO] Task 3 targeting Proteome ID: UP000069940 (Ae. albopictus)
[SLURM-INFO] Task 4 targeting Proteome ID: UP000000803 (D. melanogaster)
[SLURM-INFO] Task 5 targeting Proteome ID: UP001652628 (D. suzukii)
Job started on Thu Sep 17 16:14:54 CEST 2026
[SLURM-INFO] Task 2 targeting Proteome ID: UP000008820 (Ae. aegypti)
[SLURM-INFO] Task 6 targeting Proteome ID: UP001152798 (N. viridula)
[SLURM-INFO] Task 1 targeting Proteome ID: UP000007062 (An. gambiae)
[PYTHON-INFO] Date: 2026-09-17 16:15:24 | Processed Queries: 1 | Fetched Rows: 20643 | Elapsed: 7.82s | Max Memory: 153.22 MB | Status: Success
[PYTHON-INFO] Date: 2026-09-17 16:15:32 | Processed Queries: 1 | Fetched Rows: 21947 | Elapsed: 15.34s | Max Memory: 155.14 MB | Status: Success
[PYTHON-INFO] Date: 2026-09-17 16:15:34 | Processed Queries: 1 | Fetched Rows: 26331 | Elapsed: 17.48s | Max Memory: 182.97 MB | Status: Success
/orfeo/cephfs/scratch/area/ssenci/senci_projects/ESMC-crisis/src/download_features.py:19: DtypeWarning: Columns (0: Gene Names (ordered locus), 1: Encoded in, 2: Glycosylation, 3: Sequence conflict, 4: Helix, 5: Initiator methionine, 6: Intramembrane, 7: Lipidation, 8: Modified residue, 9: Mutagenesis, 10: Peptide, 11: Propeptide, 12: Beta strand, 13: Topological domain, 14: Transit peptide, 15: Turn, 16: Alternative sequence, 17: Natural variant, 18: Activity regulation, 19: Kinetics, 20: pH dependence, 21: Temperature dependence, 22: Miscellaneous [CC], 23: Sequence caution, 24: Polymorphism, 25: Erroneous gene model prediction, 26: Interacts with, 27: Developmental stage, 28: Induction, 29: Tissue specificity, 30: Allergenic Properties, 31: Disruption phenotype, 32: PubMed ID) have mixed types. Specify dtype option on import or set low_memory=False.
  return pd.read_csv(StringIO(tsv), sep="\t")
[PYTHON-INFO] Date: 2026-09-17 16:15:35 | Processed Queries: 1 | Fetched Rows: 14559 | Elapsed: 18.55s | Max Memory: 127.61 MB | Status: Success
[PYTHON-INFO] Date: 2026-09-17 16:15:35 | Processed Queries: 1 | Fetched Rows: 23889 | Elapsed: 18.86s | Max Memory: 180.90 MB | Status: Success
[PYTHON-INFO] Date: 2026-09-17 16:15:36 | Processed Queries: 1 | Fetched Rows: 19915 | Elapsed: 19.55s | Max Memory: 124.61 MB | Status: Success
[PYTHON-INFO] Date: 2026-09-17 16:15:37 | Elapsed: 11.95s | Max Memory: 440.77 MB | Status: Success
/orfeo/cephfs/scratch/area/ssenci/senci_projects/ESMC-crisis/src/download_features.py:19: DtypeWarning: Columns (0: Gene Names (synonym), 1: Gene Names (ordered locus), 2: Fragment, 3: Encoded in, 4: Glycosylation, 5: Helix, 6: Initiator methionine, 7: Intramembrane, 8: Lipidation, 9: Modified residue, 10: Mutagenesis, 11: Non-terminal residue, 12: Peptide, 13: Propeptide, 14: Beta strand, 15: Topological domain, 16: Transit peptide, 17: Turn, 18: Alternative sequence, 19: Natural variant, 20: Activity regulation, 21: Kinetics, 22: pH dependence, 23: Temperature dependence, 24: Miscellaneous [CC], 25: Polymorphism, 26: Interacts with, 27: Induction, 28: Tissue specificity, 29: Biotechnological use, 30: Disruption phenotype, 31: Post-translational modification, 32: 3D) have mixed types. Specify dtype option on import or set low_memory=False.
  return pd.read_csv(StringIO(tsv), sep="\t")
/orfeo/cephfs/scratch/area/ssenci/senci_projects/ESMC-crisis/src/download_features.py:19: DtypeWarning: Columns (0: Gene Names, 1: Gene Names (primary), 2: Gene Names (synonym), 3: Gene Names (ORF), 4: Encoded in, 5: Glycosylation, 6: Sequence conflict, 7: Cross-link, 8: Helix, 9: Initiator methionine, 10: Lipidation, 11: Modified residue, 12: Mutagenesis, 13: Beta strand, 14: Topological domain, 15: Activity regulation, 16: Kinetics, 17: Miscellaneous [CC], 18: Developmental stage, 19: Induction, 20: Tissue specificity, 21: Allergenic Properties, 22: Disruption phenotype, 23: Post-translational modification, 24: 3D, 25: PubMed ID) have mixed types. Specify dtype option on import or set low_memory=False.
  return pd.read_csv(StringIO(tsv), sep="\t")
[PYTHON-INFO] Date: 2026-09-17 16:15:44 | Elapsed: 8.54s | Max Memory: 340.73 MB | Status: Success
/orfeo/cephfs/scratch/area/ssenci/senci_projects/ESMC-crisis/src/download_features.py:19: DtypeWarning: Columns (0: Gene Names (ordered locus), 1: Encoded in, 2: Glycosylation, 3: Intramembrane, 4: Lipidation, 5: Mutagenesis, 6: Non-standard residue, 7: Propeptide, 8: Transit peptide, 9: Alternative sequence, 10: Natural variant, 11: Activity regulation, 12: Kinetics, 13: pH dependence, 14: Temperature dependence, 15: Absorption, 16: Miscellaneous [CC], 17: Polymorphism, 18: RNA Editing, 19: Erroneous gene model prediction, 20: Induction, 21: Biotechnological use, 22: Disruption phenotype, 23: Post-translational modification) have mixed types. Specify dtype option on import or set low_memory=False.
  return pd.read_csv(StringIO(tsv), sep="\t")
[PYTHON-INFO] Date: 2026-09-17 16:15:45 | Elapsed: 11.15s | Max Memory: 528.97 MB | Status: Success
/orfeo/cephfs/scratch/area/ssenci/senci_projects/ESMC-crisis/src/download_features.py:19: DtypeWarning: Columns (0: Gene Names (primary), 1: Glycosylation, 2: Initiator methionine, 3: Intramembrane, 4: Lipidation, 5: Modified residue, 6: Topological domain, 7: Activity regulation, 8: Miscellaneous [CC], 9: Post-translational modification, 10: 3D) have mixed types. Specify dtype option on import or set low_memory=False.
  return pd.read_csv(StringIO(tsv), sep="\t")
[PYTHON-INFO] Date: 2026-09-17 16:15:47 | Elapsed: 14.94s | Max Memory: 624.46 MB | Status: Success
/orfeo/cephfs/scratch/area/ssenci/senci_projects/ESMC-crisis/src/download_features.py:19: DtypeWarning: Columns (0: Gene Names (ORF), 1: Encoded in, 2: Glycosylation, 3: Initiator methionine, 4: Intramembrane, 5: Non-standard residue, 6: Topological domain, 7: Activity regulation, 8: Miscellaneous [CC]) have mixed types. Specify dtype option on import or set low_memory=False.
  return pd.read_csv(StringIO(tsv), sep="\t")
[PYTHON-INFO] Date: 2026-09-17 16:15:48 | Elapsed: 11.37s | Max Memory: 383.57 MB | Status: Success
[PYTHON-INFO] Date: 2026-09-17 16:15:50 | Elapsed: 14.33s | Max Memory: 545.23 MB | Status: Success
